companyname                              country         
---------------------------------------- --------------- 
Alfreds Futterkiste                      Germany
Around the Horn                          UK
Blauer See Delikatessen                  Germany
Blondesddsl père et fils                 France
Bon app'                                 France
B's Beverages                            UK
Consolidated Holdings                    UK
Drachenblut Delikatessen                 Germany
Du monde entier                          France
Eastern Connection                       UK
Folies gourmandes                        France
Frankenversand                           Germany
France restauration                      France
Island Trading                           UK
Königlich Essen                          Germany
La corne d'abondance                     France
La maison d'Asie                         France
Lehmanns Marktstand                      Germany
Morgenstern Gesundkost                   Germany
North/South                              UK
Ottilies Käseladen                       Germany
Paris spécialités                        France
QUICK-Stop                               Germany
Seven Seas Imports                       UK
Spécialités du monde                     France
Toms Spezialitäten                       Germany
Victuailles en stock                     France
Vins et alcools Chevalier                France
Die Wandernde Kuh                        Germany

(29 row(s) affected)

