productname                              unitprice             
---------------------------------------- --------------------- 
Chef Anton's Cajun Seasoning             22.0000
Chef Anton's Gumbo Mix                   21.3500
Grandma's Boysenberry Spread             25.0000
Uncle Bob's Organic Dried Pears          30.0000
Northwoods Cranberry Sauce               40.0000
Ikura                                    31.0000
Queso Cabrales                           21.0000
Queso Manchego La Pastora                38.0000
Tofu                                     23.2500
Alice Mutton                             39.0000
Gustaf's Knäckebröd                      21.0000
Gumbär Gummibärchen                      31.2300
Schoggi Schokolade                       43.9000
Rössle Sauerkraut                        45.6000
Nord-Ost Matjeshering                    25.8900
Mascarpone Fabioli                       32.0000
Gravad lax                               26.0000
Ipoh Coffee                              46.0000
Maxilaku                                 20.0000
Perth Pasties                            32.8000
Pâté chinois                             24.0000
Gnocchi di nonna Alice                   38.0000
Camembert Pierrot                        34.0000
Sirop d'érable                           28.5000
Tarte au sucre                           49.3000
Vegie-spread                             43.9000
Wimmers gute Semmelknödel                33.2500
Louisiana Fiery Hot Pepper Sauce         21.0500
Gudbrandsdalsost                         36.0000
Flotemysost                              21.5000
Mozzarella di Giovanni                   34.8000

(31 row(s) affected)

