productname                              categoryname    
---------------------------------------- --------------- 
Chai                                     Beverages
Chang                                    Beverages
Guaraná Fantástica                       Beverages
Sasquatch Ale                            Beverages
Steeleye Stout                           Beverages
Côte de Blaye                            Beverages
Chartreuse verte                         Beverages
Ipoh Coffee                              Beverages
Laughing Lumberjack Lager                Beverages
Outback Lager                            Beverages
Rhönbräu Klosterbier                     Beverages
Lakkalikööri                             Beverages
Aniseed Syrup                            Condiments
Chef Anton's Cajun Seasoning             Condiments
Chef Anton's Gumbo Mix                   Condiments
Grandma's Boysenberry Spread             Condiments
Northwoods Cranberry Sauce               Condiments
Genen Shouyu                             Condiments
Gula Malacca                             Condiments
Sirop d'érable                           Condiments
Vegie-spread                             Condiments
Louisiana Fiery Hot Pepper Sauce         Condiments
Louisiana Hot Spiced Okra                Condiments
Original Frankfurter grüne Soße          Condiments
Pavlova                                  Confections
Teatime Chocolate Biscuits               Confections
Sir Rodney's Marmalade                   Confections
Sir Rodney's Scones                      Confections
NuNuCa Nuß-Nougat-Creme                  Confections
Gumbär Gummibärchen                      Confections
Schoggi Schokolade                       Confections
Zaanse koeken                            Confections
Chocolade                                Confections
Maxilaku                                 Confections
Valkoinen suklaa                         Confections
Tarte au sucre                           Confections
Scottish Longbreads                      Confections
Queso Cabrales                           Dairy Products
Queso Manchego La Pastora                Dairy Products
Gorgonzola Telino                        Dairy Products
Mascarpone Fabioli                       Dairy Products
Geitost                                  Dairy Products
Raclette Courdavault                     Dairy Products
Camembert Pierrot                        Dairy Products
Gudbrandsdalsost                         Dairy Products
Flotemysost                              Dairy Products
Mozzarella di Giovanni                   Dairy Products
Gustaf's Knäckebröd                      Grains/Cereals
Tunnbröd                                 Grains/Cereals
Singaporean Hokkien Fried Mee            Grains/Cereals
Filo Mix                                 Grains/Cereals
Gnocchi di nonna Alice                   Grains/Cereals
Ravioli Angelo                           Grains/Cereals
Wimmers gute Semmelknödel                Grains/Cereals
Mishi Kobe Niku                          Meat/Poultry
Alice Mutton                             Meat/Poultry
Thüringer Rostbratwurst                  Meat/Poultry
Perth Pasties                            Meat/Poultry
Tourtière                                Meat/Poultry
Pâté chinois                             Meat/Poultry
Uncle Bob's Organic Dried Pears          Produce
Tofu                                     Produce
Rössle Sauerkraut                        Produce
Manjimup Dried Apples                    Produce
Longlife Tofu                            Produce
Ikura                                    Seafood
Konbu                                    Seafood
Carnarvon Tigers                         Seafood
Nord-Ost Matjeshering                    Seafood
Inlagd Sill                              Seafood
Gravad lax                               Seafood
Boston Crab Meat                         Seafood
Jack's New England Clam Chowder          Seafood
Rogede sild                              Seafood
Spegesild                                Seafood
Escargots de Bourgogne                   Seafood
Röd Kaviar                               Seafood

(77 row(s) affected)

